### Git Branch 깃 브랜치
: 저장소
- 여러 개발자가 타인을 신경쓰지않고 동시에 다양한 작업을 할 수 있게 만들어주는 기능

- $ git branch
: 저장소 목록 확인

- $ git branch <브랜치 이름>
: 새로운 저장소 생성

- $ git checkout -b <브랜치 이름>
: 새로운 저장소 생성 후 이동
: b = branch

- $ git switch -c <브랜치 이름>
: 새로운 저장소 생성 후 이동
: c = chechkout

- $ git branch -d <브랜치 이름>
: 해당 저장소 삭제

- $ git branch -D <브랜치 이름>
: 해당 저장소 강제삭제

- $ git merge hotfix
: 현재 브랜치에서 hotfix 브랜치 병합

- $ git merge --no--f hotfix
: 무조건 3-way 병합

- $ git merge --ff-only hotfix
: fast-forward인 경우에만 병합

- $ git merge --squash hotfix
: 현재 브랜치에서 커밋 하나만 생성해서 병합

- code file
: 충돌한 파일 인지 후 수정

- $ git commit -am 'msg'
: 수정 후 다시 add, commit, 메세지 부여

- $ git merge --abort
: 충돌 이후 병합 취소
